<html>
<body>
<pre>
<h1>µVision Build Log</h1>
<h2>Project:</h2>
C:\Users\glory\Desktop\ECG20150826\USER\STM32-DEMO.uvproj
Project File Date:  08/14/2015

<h2>Output:</h2>
Rebuild target 'Target 1'
assembling startup_stm32f10x_hd.s...
compiling main.c...
compiling stm32f10x_it.c...
compiling USART.c...
compiling ADC.C...
compiling GPIO.C...
compiling RCC.C...
compiling TIMER.C...
compiling Temperature.C...
compiling misc.c...
compiling stm32f10x_adc.c...
compiling stm32f10x_bkp.c...
compiling stm32f10x_can.c...
compiling stm32f10x_cec.c...
compiling stm32f10x_crc.c...
compiling stm32f10x_dac.c...
compiling stm32f10x_dbgmcu.c...
compiling stm32f10x_dma.c...
compiling stm32f10x_exti.c...
compiling stm32f10x_flash.c...
compiling stm32f10x_fsmc.c...
compiling stm32f10x_gpio.c...
compiling stm32f10x_i2c.c...
compiling stm32f10x_iwdg.c...
compiling stm32f10x_pwr.c...
compiling stm32f10x_rcc.c...
compiling stm32f10x_rtc.c...
compiling stm32f10x_sdio.c...
compiling stm32f10x_spi.c...
compiling stm32f10x_tim.c...
compiling stm32f10x_usart.c...
compiling stm32f10x_wwdg.c...
compiling core_cm3.c...
compiling system_stm32f10x.c...
linking...
Program Size: Code=11232 RO-data=420 RW-data=52 ZI-data=1188  
FromELF: creating hex file...
"..\Output\STM32-DEMO.axf" - 0 Error(s), 0 Warning(s).
</pre>
</body>
</html>
ng(s).
Project build/rebuild aborted.
referred from stm32f10x_it.o).
..\Output\STM32-DEMO.axf: Error: L6218E: Undefined symbol DS18B20_Confi_DATA (referred from stm32f10x_it.o).
Not enough information to list image symbols.
Finished: 1 information, 0 warning and 2 error messages.
"..\Output\STM32-DEMO.axf" - 2 Error(s), 1 Warning(s).
Target not created
 Error: L6218E: Undefined symbol AD8232_LOD_Time (referred from stm32f10x_it.o).
..\Output\STM32-DEMO.axf: Error: L6218E: Undefined symbol DS18B20_CMD_Recive (referred from stm32f10x_it.o).
..\Output\STM32-DEMO.axf: Error: L6218E: Undefined symbol DS18B20_Confi_DATA (referred from stm32f10x_it.o).
..\Output\STM32-DEMO.axf: Error: L6218E: Undefined symbol ECG_DATA (referred from stm32f10x_it.o).
..\Output\STM32-DEMO.axf: Error: L6218E: Undefined symbol Green_Delayed (referred from stm32f10x_it.o).
..\Output\STM32-DEMO.axf: Error: L6218E: Undefined symbol Green_Delayed_Flag (referred from stm32f10x_it.o).
..\Output\STM32-DEMO.axf: Error: L6218E: Undefined symbol Infrared_Delayed (referred from stm32f10x_it.o).
..\Output\STM32-DEMO.axf: Error: L6218E: Undefined symbol Infrared_Delayed_Flag (referred from stm32f10x_it.o).
..\Output\STM32-DEMO.axf: Error: L6218E: Undefined symbol Key_Scan (referred from stm32f10x_it.o).
..\Output\STM32-DEMO.axf: Error: L6218E: Undefined symbol Key_Variable (referred from stm32f10x_it.o).
..\Output\STM32-DEMO.axf: Error: L6218E: Undefined symbol Pulse_St (referred from stm32f10x_it.o).
..\Output\STM32-DEMO.axf: Error: L6218E: Undefined symbol work_St (referred from stm32f10x_it.o).
Not enough information to list image symbols.
Finished: 1 information, 0 warning and 13 error messages.
"..\Output\STM32-DEMO.axf" - 13 Error(s), 3 Warning(s).
Target not created
