<html>
<body>
<pre>
<h1>µVision Build Log</h1>
<h2>Project:</h2>
X:\git\giself\Projects\wifiheartbeatsystem\³ÌÐò\ÌåÎÂstm32Àý×Ó8\USER\STM32-DEMO.uvproj
Project File Date:  08/28/2015

<h2>Output:</h2>
Build target 'Target 1'
compiling main.c...
compiling stm32f10x_it.c...
compiling USART.c...
compiling ADC.C...
compiling GPIO.C...
compiling RCC.C...
compiling TIMER.C...
compiling Temperature.C...
linking...
Program Size: Code=11232 RO-data=420 RW-data=52 ZI-data=1188  
FromELF: creating hex file...
"..\Output\STM32-DEMO.axf" - 0 Errors, 0 Warning(s).
Build target 'Target 1'
compiling ADC.C...
compiling Temperature.C...
linking...
Program Size: Code=11232 RO-data=420 RW-data=52 ZI-data=1188  
FromELF: creating hex file...
"..\Output\STM32-DEMO.axf" - 0 Errors, 0 Warning(s).
Build target 'Target 1'
compiling ADC.C...
linking...
Program Size: Code=11232 RO-data=420 RW-data=52 ZI-data=1188  
FromELF: creating hex file...
"..\Output\STM32-DEMO.axf" - 0 Errors, 0 Warning(s).
Build target 'Target 1'
compiling main.c...
linking...
Program Size: Code=11232 RO-data=420 RW-data=52 ZI-data=1188  
FromELF: creating hex file...
"..\Output\STM32-DEMO.axf" - 0 Errors, 0 Warning(s).
