<html>
<body>
<pre>
<h1>礦ision Build Log</h1>
<h2>Project:</h2>
X:\git\giself\Projects\基于无线充电的心率脉搏监测系统\下位机STM32程序\STM32F1\pulsesensor_stm32f103_mdk4\MDK-ARM\pulsesensor_stm32f103_mdk4.uvproj
Project File Date:  09/07/2017

<h2>Output:</h2>
Build target 'pulsesensor_stm32f103_mdk4 Configuration'
assembling startup_stm32f103xb.s...
compiling stm32f1xx_it.c...
compiling main.c...
compiling stm32f1xx_hal_msp.c...
compiling system_stm32f1xx.c...
compiling stm32f1xx_hal_tim.c...
compiling stm32f1xx_hal_gpio_ex.c...
compiling stm32f1xx_hal_rcc_ex.c...
compiling stm32f1xx_hal.c...
compiling stm32f1xx_hal_pwr.c...
compiling stm32f1xx_hal_cortex.c...
compiling stm32f1xx_hal_flash_ex.c...
compiling stm32f1xx_hal_gpio.c...
compiling stm32f1xx_hal_tim_ex.c...
compiling stm32f1xx_hal_rcc.c...
compiling stm32f1xx_hal_adc.c...
compiling stm32f1xx_hal_flash.c...
compiling stm32f1xx_hal_dma.c...
compiling stm32f1xx_hal_uart.c...
compiling stm32f1xx_hal_adc_ex.c...
linking...
Program Size: Code=8028 RO-data=292 RW-data=72 ZI-data=1240  
FromELF: creating hex file...
"C:\Users\Mark\Desktop\pulsesensor_stm32f103_mdk4 Configuration.axf" - 0 Errors, 0 Warning(s).
Build target 'pulsesensor_stm32f103_mdk4 Configuration'
assembling startup_stm32f103xb.s...
compiling stm32f1xx_it.c...
compiling main.c...
compiling stm32f1xx_hal_msp.c...
compiling system_stm32f1xx.c...
compiling stm32f1xx_hal_tim.c...
compiling stm32f1xx_hal_gpio_ex.c...
compiling stm32f1xx_hal_rcc_ex.c...
compiling stm32f1xx_hal.c...
compiling stm32f1xx_hal_pwr.c...
compiling stm32f1xx_hal_cortex.c...
compiling stm32f1xx_hal_flash_ex.c...
compiling stm32f1xx_hal_gpio.c...
compiling stm32f1xx_hal_tim_ex.c...
compiling stm32f1xx_hal_rcc.c...
compiling stm32f1xx_hal_adc.c...
compiling stm32f1xx_hal_flash.c...
compiling stm32f1xx_hal_dma.c...
compiling stm32f1xx_hal_uart.c...
compiling stm32f1xx_hal_adc_ex.c...
linking...
Program Size: Code=8028 RO-data=292 RW-data=72 ZI-data=1240  
FromELF: creating hex file...
"C:\Users\Mark\Desktop\pulsesensor_stm32f103_mdk4 Configuration.axf" - 0 Errors, 0 Warning(s).
Build target 'pulsesensor_stm32f103_mdk4 Configuration'
assembling startup_stm32f103xb.s...
compiling stm32f1xx_it.c...
compiling main.c...
compiling stm32f1xx_hal_msp.c...
compiling system_stm32f1xx.c...
compiling stm32f1xx_hal_tim.c...
compiling stm32f1xx_hal_gpio_ex.c...
compiling stm32f1xx_hal_rcc_ex.c...
compiling stm32f1xx_hal.c...
compiling stm32f1xx_hal_pwr.c...
compiling stm32f1xx_hal_cortex.c...
compiling stm32f1xx_hal_flash_ex.c...
compiling stm32f1xx_hal_gpio.c...
compiling stm32f1xx_hal_tim_ex.c...
compiling stm32f1xx_hal_rcc.c...
compiling stm32f1xx_hal_adc.c...
compiling stm32f1xx_hal_flash.c...
compiling stm32f1xx_hal_dma.c...
compiling stm32f1xx_hal_uart.c...
compiling stm32f1xx_hal_adc_ex.c...
linking...
Program Size: Code=8028 RO-data=292 RW-data=72 ZI-data=1240  
FromELF: creating hex file...
"C:\Users\Mark\Desktop\pulsesensor_stm32f103_mdk4 Configuration.axf" - 0 Errors, 0 Warning(s).
